GAS LISTING /tmp/cchSYIiF.s 			page 1


   1              		.file	"can.c"
   2              	# GNU C (Ubuntu 4.8.2-19ubuntu1) version 4.8.2 (x86_64-linux-gnu)
   3              	#	compiled by GNU C version 4.8.2, GMP version 5.1.3, MPFR version 3.1.2-p3, MPC version 1.0.1
   4              	# GGC heuristics: --param ggc-min-expand=97 --param ggc-min-heapsize=126309
   5              	# options passed:  -I . -I ../../../os/ports/GCC/SIMIA32
   6              	# -I ../../../os/kernel/include -I ../../../test -I ../../../os/hal/include
   7              	# -I ../../../os/hal/platforms/Posix -I ../../../boards/simulator
   8              	# -I ../../../os/various -imultilib 32 -imultiarch i386-linux-gnu
   9              	# -MD ../../../os/hal/src/can.d -MF .dep/can.o.d -MP
  10              	# -MQ ../../../os/hal/src/can.o -D SIMULATOR -D SHELL_USE_IPRINTF=FALSE
  11              	# ../../../os/hal/src/can.c -m32 -mtune=generic -march=i686
  12              	# -auxbase-strip ../../../os/hal/src/can.o -ggdb -O2 -Wall -Wextra
  13              	# -Wstrict-prototypes -fomit-frame-pointer -fverbose-asm -fstack-protector
  14              	# -Wformat -Wformat-security
  15              	# options enabled:  -faggressive-loop-optimizations
  16              	# -fasynchronous-unwind-tables -fauto-inc-dec -fbranch-count-reg
  17              	# -fcaller-saves -fcombine-stack-adjustments -fcommon -fcompare-elim
  18              	# -fcprop-registers -fcrossjumping -fcse-follow-jumps -fdefer-pop
  19              	# -fdelete-null-pointer-checks -fdevirtualize -fdwarf2-cfi-asm
  20              	# -fearly-inlining -feliminate-unused-debug-types -fexpensive-optimizations
  21              	# -fforward-propagate -ffunction-cse -fgcse -fgcse-lm -fgnu-runtime
  22              	# -fguess-branch-probability -fhoist-adjacent-loads -fident -fif-conversion
  23              	# -fif-conversion2 -findirect-inlining -finline -finline-atomics
  24              	# -finline-functions-called-once -finline-small-functions -fipa-cp
  25              	# -fipa-profile -fipa-pure-const -fipa-reference -fipa-sra
  26              	# -fira-hoist-pressure -fira-share-save-slots -fira-share-spill-slots
  27              	# -fivopts -fkeep-static-consts -fleading-underscore -fmath-errno
  28              	# -fmerge-constants -fmerge-debug-strings -fmove-loop-invariants
  29              	# -fomit-frame-pointer -foptimize-register-move -foptimize-sibling-calls
  30              	# -foptimize-strlen -fpartial-inlining -fpcc-struct-return -fpeephole
  31              	# -fpeephole2 -fprefetch-loop-arrays -free -fregmove -freorder-blocks
  32              	# -freorder-functions -frerun-cse-after-loop
  33              	# -fsched-critical-path-heuristic -fsched-dep-count-heuristic
  34              	# -fsched-group-heuristic -fsched-interblock -fsched-last-insn-heuristic
  35              	# -fsched-rank-heuristic -fsched-spec -fsched-spec-insn-heuristic
  36              	# -fsched-stalled-insns-dep -fschedule-insns2 -fshow-column -fshrink-wrap
  37              	# -fsigned-zeros -fsplit-ivs-in-unroller -fsplit-wide-types
  38              	# -fstack-protector -fstrict-aliasing -fstrict-overflow
  39              	# -fstrict-volatile-bitfields -fsync-libcalls -fthread-jumps
  40              	# -ftoplevel-reorder -ftrapping-math -ftree-bit-ccp -ftree-builtin-call-dce
  41              	# -ftree-ccp -ftree-ch -ftree-coalesce-vars -ftree-copy-prop
  42              	# -ftree-copyrename -ftree-cselim -ftree-dce -ftree-dominator-opts
  43              	# -ftree-dse -ftree-forwprop -ftree-fre -ftree-loop-if-convert
  44              	# -ftree-loop-im -ftree-loop-ivcanon -ftree-loop-optimize
  45              	# -ftree-parallelize-loops= -ftree-phiprop -ftree-pre -ftree-pta
  46              	# -ftree-reassoc -ftree-scev-cprop -ftree-sink -ftree-slp-vectorize
  47              	# -ftree-slsr -ftree-sra -ftree-switch-conversion -ftree-tail-merge
  48              	# -ftree-ter -ftree-vect-loop-version -ftree-vrp -funit-at-a-time
  49              	# -funwind-tables -fvar-tracking -fvar-tracking-assignments -fverbose-asm
  50              	# -fzero-initialized-in-bss -m32 -m80387 -m96bit-long-double
  51              	# -maccumulate-outgoing-args -malign-stringops -mfancy-math-387
  52              	# -mfp-ret-in-387 -mglibc -mieee-fp -mlong-double-80 -mno-red-zone
  53              	# -mno-sse4 -mpush-args -msahf -mtls-direct-seg-refs
  54              	
  55              		.text
  56              	.Ltext0:
  57              	.Letext0:
GAS LISTING /tmp/cchSYIiF.s 			page 2


  58              		.section	.debug_info,"",@progbits
  59              	.Ldebug_info0:
  60 0000 75000000 		.long	0x75
  61 0004 0400     		.value	0x4
  62 0006 00000000 		.long	.Ldebug_abbrev0
  63 000a 04       		.byte	0x4
  64 000b 01       		.uleb128 0x1
  65 000c 35000000 		.long	.LASF12
  66 0010 01       		.byte	0x1
  67 0011 1B000000 		.long	.LASF13
  68 0015 92000000 		.long	.LASF14
  69 0019 00000000 		.long	.Ldebug_line0
  70 001d 02       		.uleb128 0x2
  71 001e 04       		.byte	0x4
  72 001f 05       		.byte	0x5
  73 0020 696E7400 		.string	"int"
  74 0024 03       		.uleb128 0x3
  75 0025 04       		.byte	0x4
  76 0026 07       		.byte	0x7
  77 0027 0E000000 		.long	.LASF0
  78 002b 03       		.uleb128 0x3
  79 002c 04       		.byte	0x4
  80 002d 05       		.byte	0x5
  81 002e F6000000 		.long	.LASF1
  82 0032 03       		.uleb128 0x3
  83 0033 01       		.byte	0x1
  84 0034 06       		.byte	0x6
  85 0035 18010000 		.long	.LASF2
  86 0039 03       		.uleb128 0x3
  87 003a 02       		.byte	0x2
  88 003b 05       		.byte	0x5
  89 003c 24010000 		.long	.LASF3
  90 0040 03       		.uleb128 0x3
  91 0041 08       		.byte	0x8
  92 0042 05       		.byte	0x5
  93 0043 00000000 		.long	.LASF4
  94 0047 03       		.uleb128 0x3
  95 0048 01       		.byte	0x1
  96 0049 08       		.byte	0x8
  97 004a E3000000 		.long	.LASF5
  98 004e 03       		.uleb128 0x3
  99 004f 02       		.byte	0x2
 100 0050 07       		.byte	0x7
 101 0051 05010000 		.long	.LASF6
 102 0055 03       		.uleb128 0x3
 103 0056 08       		.byte	0x8
 104 0057 07       		.byte	0x7
 105 0058 CC000000 		.long	.LASF7
 106 005c 03       		.uleb128 0x3
 107 005d 01       		.byte	0x1
 108 005e 02       		.byte	0x2
 109 005f FF000000 		.long	.LASF8
 110 0063 03       		.uleb128 0x3
 111 0064 04       		.byte	0x4
 112 0065 07       		.byte	0x7
 113 0066 2E010000 		.long	.LASF9
 114 006a 03       		.uleb128 0x3
GAS LISTING /tmp/cchSYIiF.s 			page 3


 115 006b 01       		.byte	0x1
 116 006c 06       		.byte	0x6
 117 006d F1000000 		.long	.LASF10
 118 0071 03       		.uleb128 0x3
 119 0072 04       		.byte	0x4
 120 0073 07       		.byte	0x7
 121 0074 BA000000 		.long	.LASF11
 122 0078 00       		.byte	0
 123              		.section	.debug_abbrev,"",@progbits
 124              	.Ldebug_abbrev0:
 125 0000 01       		.uleb128 0x1
 126 0001 11       		.uleb128 0x11
 127 0002 01       		.byte	0x1
 128 0003 25       		.uleb128 0x25
 129 0004 0E       		.uleb128 0xe
 130 0005 13       		.uleb128 0x13
 131 0006 0B       		.uleb128 0xb
 132 0007 03       		.uleb128 0x3
 133 0008 0E       		.uleb128 0xe
 134 0009 1B       		.uleb128 0x1b
 135 000a 0E       		.uleb128 0xe
 136 000b 10       		.uleb128 0x10
 137 000c 17       		.uleb128 0x17
 138 000d 00       		.byte	0
 139 000e 00       		.byte	0
 140 000f 02       		.uleb128 0x2
 141 0010 24       		.uleb128 0x24
 142 0011 00       		.byte	0
 143 0012 0B       		.uleb128 0xb
 144 0013 0B       		.uleb128 0xb
 145 0014 3E       		.uleb128 0x3e
 146 0015 0B       		.uleb128 0xb
 147 0016 03       		.uleb128 0x3
 148 0017 08       		.uleb128 0x8
 149 0018 00       		.byte	0
 150 0019 00       		.byte	0
 151 001a 03       		.uleb128 0x3
 152 001b 24       		.uleb128 0x24
 153 001c 00       		.byte	0
 154 001d 0B       		.uleb128 0xb
 155 001e 0B       		.uleb128 0xb
 156 001f 3E       		.uleb128 0x3e
 157 0020 0B       		.uleb128 0xb
 158 0021 03       		.uleb128 0x3
 159 0022 0E       		.uleb128 0xe
 160 0023 00       		.byte	0
 161 0024 00       		.byte	0
 162 0025 00       		.byte	0
 163              		.section	.debug_aranges,"",@progbits
 164 0000 14000000 		.long	0x14
 165 0004 0200     		.value	0x2
 166 0006 00000000 		.long	.Ldebug_info0
 167 000a 04       		.byte	0x4
 168 000b 00       		.byte	0
 169 000c 0000     		.value	0
 170 000e 0000     		.value	0
 171 0010 00000000 		.long	0
GAS LISTING /tmp/cchSYIiF.s 			page 4


 172 0014 00000000 		.long	0
 173              		.section	.debug_line,"",@progbits
 174              	.Ldebug_line0:
 175 0000 19000000 		.section	.debug_str,"MS",@progbits,1
 175      02001300 
 175      00000101 
 175      FB0E0D00 
 175      01010101 
 176              	.LASF4:
 177 0000 6C6F6E67 		.string	"long long int"
 177      206C6F6E 
 177      6720696E 
 177      7400
 178              	.LASF0:
 179 000e 756E7369 		.string	"unsigned int"
 179      676E6564 
 179      20696E74 
 179      00
 180              	.LASF13:
 181 001b 2E2E2F2E 		.string	"../../../os/hal/src/can.c"
 181      2E2F2E2E 
 181      2F6F732F 
 181      68616C2F 
 181      7372632F 
 182              	.LASF12:
 183 0035 474E5520 		.string	"GNU C 4.8.2 -m32 -mtune=generic -march=i686 -ggdb -O2 -fomit-frame-pointer -fstack-protec
 183      4320342E 
 183      382E3220 
 183      2D6D3332 
 183      202D6D74 
 184              	.LASF14:
 185 0092 2F686F6D 		.string	"/home/tony/ChibiOS-RT/testhal/Posix/EXT"
 185      652F746F 
 185      6E792F43 
 185      68696269 
 185      4F532D52 
 186              	.LASF11:
 187 00ba 6C6F6E67 		.string	"long unsigned int"
 187      20756E73 
 187      69676E65 
 187      6420696E 
 187      7400
 188              	.LASF7:
 189 00cc 6C6F6E67 		.string	"long long unsigned int"
 189      206C6F6E 
 189      6720756E 
 189      7369676E 
 189      65642069 
 190              	.LASF5:
 191 00e3 756E7369 		.string	"unsigned char"
 191      676E6564 
 191      20636861 
 191      7200
 192              	.LASF10:
 193 00f1 63686172 		.string	"char"
 193      00
 194              	.LASF1:
GAS LISTING /tmp/cchSYIiF.s 			page 5


 195 00f6 6C6F6E67 		.string	"long int"
 195      20696E74 
 195      00
 196              	.LASF8:
 197 00ff 5F426F6F 		.string	"_Bool"
 197      6C00
 198              	.LASF6:
 199 0105 73686F72 		.string	"short unsigned int"
 199      7420756E 
 199      7369676E 
 199      65642069 
 199      6E7400
 200              	.LASF2:
 201 0118 7369676E 		.string	"signed char"
 201      65642063 
 201      68617200 
 202              	.LASF3:
 203 0124 73686F72 		.string	"short int"
 203      7420696E 
 203      7400
 204              	.LASF9:
 205 012e 73697A65 		.string	"sizetype"
 205      74797065 
 205      00
 206              		.ident	"GCC: (Ubuntu 4.8.2-19ubuntu1) 4.8.2"
 207              		.section	.note.GNU-stack,"",@progbits
GAS LISTING /tmp/cchSYIiF.s 			page 6


DEFINED SYMBOLS
                            *ABS*:0000000000000000 can.c

NO UNDEFINED SYMBOLS
